2024-12-30 14:04:51 התחלת הבדיקות- 
TestExample
2024-12-30 14:08:07 סיום הבדיקות- 
2024-12-30 18:35:30 התחלת הבדיקות- 
TestExample
2024-12-30 18:35:49 סיום הבדיקות- 
2024-12-30 18:38:24 התחלת הבדיקות- 
TestExample
2024-12-30 18:38:24 סיום הבדיקות- 
2024-12-30 21:13:11 התחלת הבדיקות- 
ChromeTest
2024-12-30 21:13:19 סיום הבדיקות- 
